// Jest Snapshot v1, https://goo.gl/fbAQLP

exports[`<Error /> should render correctly 1`] = `
<div
  class="error-container"
>
  <h1>
    Упс! :(
  </h1>
  <h2>
    Произошла ошибка!
  </h2>
  <h3>
    Пожалуйста проверьте свое интернет-соединение или повторите попытку позже
  </h3>
</div>
`;
