// Jest Snapshot v1, https://goo.gl/fbAQLP

exports[`<Header /> should render correctly 1`] = `
<header>
  <h1>
    Пушкарев Е.В. | Тестовое задание для Junior Frontend Developer
  </h1>
</header>
`;
